<?xml version="1.0" encoding="UTF-8"?>
<TestRun id="bb135877-c75a-4d57-a420-9ec02a32f3be" name="simmon@SIMMON-PC 2012-03-22 11:06:38" runUser="simmon-PC\simmon" xmlns="http://microsoft.com/schemas/VisualStudio/TeamTest/2010">
  <TestSettings name="Local" id="f3e4f830-58d2-476d-86e4-89d57190b36c">
    <Description>These are default test settings for a local test run.</Description>
    <Deployment enabled="false" runDeploymentRoot="simmon_SIMMON-PC 2012-03-22 11_06_38">
      <DeploymentItem filename="C:\Program Files (x86)\NUnit 2.6\bin\framework\nunit.framework.dll" />
      <DeploymentItem filename="C:\Users\simmon\Documents\Visual Studio 2010\Projects\MyFileSystemWatcherText\MyFileSystemWatcherText\bin\Debug\MyFileSystemWatcherText.dll" />
    </Deployment>
    <Execution>
      <TestTypeSpecific />
      <AgentRule name="Execution Agents">
      </AgentRule>
    </Execution>
  </TestSettings>
  <Times creation="2012-03-22T11:06:38.5627223+08:00" queuing="2012-03-22T11:06:38.5907239+08:00" start="2012-03-22T11:06:38.6077249+08:00" finish="2012-03-22T11:06:38.9147424+08:00" />
  <ResultSummary outcome="Failed">
    <Counters total="1" executed="1" error="0" failed="1" timeout="0" aborted="0" inconclusive="0" passedButRunAborted="0" notRunnable="0" notExecuted="0" disconnected="0" warning="0" passed="0" completed="0" inProgress="0" pending="0" />
    <RunInfos>
      <RunInfo computerName="SIMMON-PC" outcome="Warning" timestamp="2012-03-22T11:06:38.5897238+08:00">
        <Text>Deployment is currently disabled. The deployment item 'MyFileSystemWatcherText.dll' on test 'TestProject1.MyFileSystemWatherTest.fsWather_ChangedTest' was not deployed.</Text>
      </RunInfo>
    </RunInfos>
  </ResultSummary>
  <TestDefinitions>
    <UnitTest name="fsWather_ChangedTest" storage="c:\users\simmon\documents\visual studio 2010\projects\myfilesystemwatchertext\testproject1\bin\debug\testproject1.dll" id="78c3b7c6-ccbe-110b-d9bc-d56d7599ccdc">
      <DeploymentItems>
        <DeploymentItem filename="MyFileSystemWatcherText.dll" />
      </DeploymentItems>
      <Execution id="9c6d6a13-3d42-45b9-b218-aa06be8489cc" />
      <TestMethod codeBase="C:/Users/simmon/Documents/Visual Studio 2010/Projects/MyFileSystemWatcherText/TestProject1/bin/Debug/TestProject1.DLL" adapterTypeName="Microsoft.VisualStudio.TestTools.TestTypes.Unit.UnitTestAdapter, Microsoft.VisualStudio.QualityTools.Tips.UnitTest.Adapter, Version=10.0.0.0, Culture=neutral, PublicKeyToken=b03f5f7f11d50a3a" className="TestProject1.MyFileSystemWatherTest, TestProject1, Version=1.0.0.0, Culture=neutral, PublicKeyToken=null" name="fsWather_ChangedTest" />
    </UnitTest>
  </TestDefinitions>
  <TestLists>
    <TestList name="Results Not in a List" id="8c84fa94-04c1-424b-9868-57a2d4851a1d" />
    <TestList name="All Loaded Results" id="19431567-8539-422a-85d7-44ee4e166bda" />
  </TestLists>
  <TestEntries>
    <TestEntry testId="78c3b7c6-ccbe-110b-d9bc-d56d7599ccdc" executionId="9c6d6a13-3d42-45b9-b218-aa06be8489cc" testListId="8c84fa94-04c1-424b-9868-57a2d4851a1d" />
  </TestEntries>
  <Results>
    <UnitTestResult executionId="9c6d6a13-3d42-45b9-b218-aa06be8489cc" testId="78c3b7c6-ccbe-110b-d9bc-d56d7599ccdc" testName="fsWather_ChangedTest" computerName="SIMMON-PC" duration="00:00:00.0522139" startTime="2012-03-22T11:06:38.6027246+08:00" endTime="2012-03-22T11:06:38.9037418+08:00" testType="13cdc9d9-ddb5-4fa4-a97d-d965ccfc6d4b" outcome="Failed" testListId="8c84fa94-04c1-424b-9868-57a2d4851a1d" relativeResultsDirectory="9c6d6a13-3d42-45b9-b218-aa06be8489cc">
      <Output>
        <ErrorInfo>
          <Message>Test method TestProject1.MyFileSystemWatherTest.fsWather_ChangedTest threw exception: 
System.NullReferenceException: Object reference not set to an instance of an object.</Message>
          <StackTrace>   at text.MyFileSystemWather_Accessor.fsWather_Changed(Object sender, FileSystemEventArgs e)
   at TestProject1.MyFileSystemWatherTest.fsWather_ChangedTest() in C:\Users\simmon\Documents\Visual Studio 2010\Projects\MyFileSystemWatcherText\TestProject1\MyFileSystemWatherTest.cs:line 213
</StackTrace>
        </ErrorInfo>
      </Output>
    </UnitTestResult>
  </Results>
</TestRun>